
> frontend@0.0.0 build
> tsc && vite build

src/components/CreatePostModal.tsx(2,63): error TS6133: 'Upload' is declared but its value is never read.
src/services/api.ts(4,24): error TS2339: Property 'env' does not exist on type 'ImportMeta'.
