
> sverse@1.0.0 build
> tsc

src/routes/chatRoutes.ts(27,38): error TS2304: Cannot find name 'markMessagesAsRead'.
