src/controllers/momentController.ts(153,54): error TS2339: Property 'toLowerCase' does not exist on type 'string | string[]'.
  Property 'toLowerCase' does not exist on type 'string[]'.
