src/pages/MockProfile.tsx(3,9): error TS6133: 'Orbit' is declared but its value is never read.
src/pages/MockProfile.tsx(3,16): error TS6133: 'Palette' is declared but its value is never read.
src/pages/MockProfile.tsx(3,35): error TS6133: 'CloudRain' is declared but its value is never read.
src/pages/MockProfile.tsx(4,3): error TS6133: 'Sparkles' is declared but its value is never read.
src/pages/MockProfile.tsx(4,13): error TS6133: 'ArrowDownCircle' is declared but its value is never read.
src/pages/MockProfile.tsx(4,30): error TS6133: 'Moon' is declared but its value is never read.
src/pages/MockProfile.tsx(4,36): error TS6133: 'Mic' is declared but its value is never read.
src/pages/MockProfile.tsx(5,3): error TS6133: 'Magnet' is declared but its value is never read.
src/pages/MockProfile.tsx(5,19): error TS6133: 'Wind' is declared but its value is never read.
src/pages/MockProfile.tsx(5,25): error TS6133: 'Waves' is declared but its value is never read.
src/pages/MockProfile.tsx(6,3): error TS6133: 'CheckCircle2' is declared but its value is never read.
